2026-09-12 08:22:34,393 [INFO] batch_processor: Searching for: Manimuttathaavani Vidyasagar K. J. Yesudas Sujatha
2026-09-12 08:22:34,960 [INFO] youtube_search: Searching YouTube: Manimuttathaavani Vidyasagar K. J. Yesudas Sujatha
2026-09-12 08:22:36,970 [INFO] batch_processor: Best match for 'Manimuttathaavani Vidyasagar K. J. Yesudas Sujatha': Manimuttathavani Panthal | Dreams | K J Yesudas | Sujatha Mohan | Vidyasagar | Gireesh Puthanchery (score: 46%)
2026-09-12 08:22:36,984 [INFO] batch_processor: Searching for: Sundariye Vaa Franco Simon Raju Raghavan Shyam Dharman
2026-09-12 08:22:36,988 [INFO] youtube_search: Searching YouTube: Sundariye Vaa Franco Simon Raju Raghavan Shyam Dharman
2026-09-12 08:22:38,863 [INFO] batch_processor: Best match for 'Sundariye Vaa Franco Simon Raju Raghavan Shyam Dharman': Sundariye Vaa (score: 45%)
2026-09-12 08:22:38,863 [INFO] batch_processor: Searching for: Kai niraye venna tharam M G Venugopal
2026-09-12 08:22:38,868 [INFO] youtube_search: Searching YouTube: Kai niraye venna tharam M G Venugopal
2026-09-12 08:22:40,982 [INFO] batch_processor: Best match for 'Kai niraye venna tharam M G Venugopal': Kai Niraye Venna Tharam - Lyrical Video | Baba Kalyani | G Venugopal | Alex Paul | Mohanlal (score: 60%)
2026-09-12 08:22:40,983 [INFO] batch_processor: Searching for: Sutta Suriyane Yuvan Shankar Raja Pa. Vijay Vijay Yesudas
2026-09-12 08:22:40,987 [INFO] youtube_search: Searching YouTube: Sutta Suriyane Yuvan Shankar Raja Pa. Vijay Vijay Yesudas
2026-09-12 08:22:42,812 [INFO] batch_processor: Best match for 'Sutta Suriyane Yuvan Shankar Raja Pa. Vijay Vijay Yesudas': Sutta Suriyane (score: 53%)
2026-09-12 08:22:42,827 [INFO] batch_processor: Searching for: Chillanjirukkiye Sean Roldan Pradeep Kumar Sivaangi Krishnakumar Mohan Rajan
2026-09-12 08:22:42,831 [INFO] youtube_search: Searching YouTube: Chillanjirukkiye Sean Roldan Pradeep Kumar Sivaangi Krishnakumar Mohan Rajan
2026-09-12 08:22:44,797 [INFO] batch_processor: Best match for 'Chillanjirukkiye Sean Roldan Pradeep Kumar Sivaangi Krishnakumar Mohan Rajan': Sean Roldan - Chillanjirukkiye (Lyrics) ft. Pradeep Kumar, K. Sivaangi | Tamil Song (score: 46%)
2026-09-12 08:22:44,797 [INFO] batch_processor: Searching for: Chinnamma Adi Jim Biby Eldhose Justin M. G. Sreekumar
2026-09-12 08:22:44,802 [INFO] youtube_search: Searching YouTube: Chinnamma Adi Jim Biby Eldhose Justin M. G. Sreekumar
2026-09-12 08:22:47,001 [INFO] batch_processor: Best match for 'Chinnamma Adi Jim Biby Eldhose Justin M. G. Sreekumar': Chinnamma Adi Video Song | Oppam | Mohanlal | Priyadarshan | M G Sreekumar (score: 23%)
2026-09-12 08:22:47,001 [INFO] batch_processor: Searching for: Yavanakathayil Ouseppachan K. J. Yesudas K. S. Chithra
2026-09-12 08:22:47,005 [INFO] youtube_search: Searching YouTube: Yavanakathayil Ouseppachan K. J. Yesudas K. S. Chithra
2026-09-12 08:22:48,975 [INFO] batch_processor: Best match for 'Yavanakathayil Ouseppachan K. J. Yesudas K. S. Chithra': Ouseppachan, K. J. Yesudas, K. S. Chithra - Yavanakadhayil Ninnu Vanna (Lyrics) (score: 70%)
2026-09-12 08:22:48,991 [INFO] batch_processor: Searching for: Mundiri Paadam Udit Narayan Sujatha
2026-09-12 08:22:48,995 [INFO] youtube_search: Searching YouTube: Mundiri Paadam Udit Narayan Sujatha
2026-09-12 08:22:50,804 [INFO] batch_processor: Best match for 'Mundiri Paadam Udit Narayan Sujatha': Mundiri Paadam | Kochi Rajavu  |Video| Dileep | Kavya Madhavan | Udit Narayan | Sujatha | Vidyasagar (score: 70%)
2026-09-12 08:22:50,805 [INFO] batch_processor: Searching for: Ariyathe Ariyathe K. S. Chithra P. Jayachandran
2026-09-12 08:22:50,809 [INFO] youtube_search: Searching YouTube: Ariyathe Ariyathe K. S. Chithra P. Jayachandran
2026-09-12 08:22:52,704 [INFO] batch_processor: Best match for 'Ariyathe Ariyathe K. S. Chithra P. Jayachandran': Ariyathe Ariyathe Video Song | അറിയാതെ അറിയാതെ | Ravanaprabhu | Mohanlal | P Jayachandran, Chithra (score: 35%)
2026-09-12 08:22:52,877 [INFO] batch_processor: Searching for: Udhicha Chandirante Mano M. G. Sreekumar
2026-09-12 08:22:52,881 [INFO] youtube_search: Searching YouTube: Udhicha Chandirante Mano M. G. Sreekumar
2026-09-12 08:22:54,904 [INFO] batch_processor: Best match for 'Udhicha Chandirante Mano M. G. Sreekumar': Udicha Chandirante | VIDEO SONG | Punjabi House | Dileep | Mano, M G Sreekumar | Suresh Peters (score: 35%)
2026-09-12 08:22:54,904 [INFO] batch_processor: Searching for: Aaruparanju Berny-Ignatius P. Jayachandran K. S. Chithra Kaithapram
2026-09-12 08:22:54,910 [INFO] youtube_search: Searching YouTube: Aaruparanju Berny-Ignatius P. Jayachandran K. S. Chithra Kaithapram
2026-09-12 08:22:56,991 [INFO] batch_processor: Best match for 'Aaruparanju Berny-Ignatius P. Jayachandran K. S. Chithra Kaithapram': Aaru Paranju Video Song | Kavya -Jayasurya | KS Chithra | P Jayachandran| Kaithapram| Berny Ignatius (score: 43%)
2026-09-12 08:22:56,992 [INFO] batch_processor: Searching for: Kudamulla Kammalaninjaal Ouseppachan K. J. Yesudas
2026-09-12 08:22:56,996 [INFO] youtube_search: Searching YouTube: Kudamulla Kammalaninjaal Ouseppachan K. J. Yesudas
2026-09-12 08:22:59,194 [INFO] batch_processor: Best match for 'Kudamulla Kammalaninjaal Ouseppachan K. J. Yesudas': Kudamulla Kammalaninju 4K Remastered | Video Song | Gireesh Puthenchery | Ouseppachan | KJ Yesudas (score: 46%)
2026-09-12 08:22:59,194 [INFO] batch_processor: Searching for: Ente Thenkasi Suresh Peters K. S. Chithra Kaithapram Damodaran Namboothiri
2026-09-12 08:22:59,201 [INFO] youtube_search: Searching YouTube: Ente Thenkasi Suresh Peters K. S. Chithra Kaithapram Damodaran Namboothiri
2026-09-12 08:23:01,246 [INFO] batch_processor: Best match for 'Ente Thenkasi Suresh Peters K. S. Chithra Kaithapram Damodaran Namboothiri': Ente Thenkasi (score: 38%)
2026-09-12 08:23:01,246 [INFO] batch_processor: Searching for: Kaithappoovin M. G. Radhakrishnan Mohanlal K. S. Chithra
2026-09-12 08:23:01,250 [INFO] youtube_search: Searching YouTube: Kaithappoovin M. G. Radhakrishnan Mohanlal K. S. Chithra
2026-09-12 08:23:02,985 [INFO] batch_processor: Best match for 'Kaithappoovin M. G. Radhakrishnan Mohanlal K. S. Chithra': Kaithappoovin | Kannezhuthi Pottum Thottu | Mohanlal | KS Chithra | M G Radhakrishnan (score: 35%)
2026-09-12 08:23:02,985 [INFO] batch_processor: Searching for: Ponnaambal Puzhayirambil Ouseppachan K. J. Yesudas K. S. Chithra
2026-09-12 08:23:02,991 [INFO] youtube_search: Searching YouTube: Ponnaambal Puzhayirambil Ouseppachan K. J. Yesudas K. S. Chithra
2026-09-12 08:23:05,168 [INFO] batch_processor: Best match for 'Ponnaambal Puzhayirambil Ouseppachan K. J. Yesudas K. S. Chithra': Ponnambal Puzhayirambil Video Song | Mammootty | Mohanlal | Juhi Chawla | KJ Yesudas | KS Chithra (score: 35%)
2026-09-12 08:23:05,169 [INFO] batch_processor: Searching for: Vaisakha Sandhye K. J. Yesudas
2026-09-12 08:23:05,175 [INFO] youtube_search: Searching YouTube: Vaisakha Sandhye K. J. Yesudas
2026-09-12 08:23:07,319 [INFO] batch_processor: Best match for 'Vaisakha Sandhye K. J. Yesudas': Vaishaakha Sandhye - Male Version (score: 52%)
2026-09-12 08:23:07,319 [INFO] batch_processor: Searching for: Onnam Raagam Paadi G Venugopal K. S. Chithra
2026-09-12 08:23:07,327 [INFO] youtube_search: Searching YouTube: Onnam Raagam Paadi G Venugopal K. S. Chithra
2026-09-12 08:23:09,339 [INFO] batch_processor: Best match for 'Onnam Raagam Paadi G Venugopal K. S. Chithra': ഒന്നാം രാഗം പാടി Onnaam Raagam Paadi Thoovaanathumbikal Audio Song KS Chithra G Venugopal (score: 57%)
2026-09-12 08:23:09,340 [INFO] batch_processor: Searching for: Kilippenne Vidyasagar K. J. Yesudas K. S. Chithra
2026-09-12 08:23:09,344 [INFO] youtube_search: Searching YouTube: Kilippenne Vidyasagar K. J. Yesudas K. S. Chithra
2026-09-12 08:23:11,387 [INFO] batch_processor: Best match for 'Kilippenne Vidyasagar K. J. Yesudas K. S. Chithra': Kilippenne Audio Song | Dosth | K J Yesudas | K S Chithra | Vidyasagar | S Ramesan Nair (score: 45%)
2026-09-12 08:23:11,404 [INFO] batch_processor: Searching for: Kakkaattile Kukootile Ouseppachan K. J. Yesudas K. S. Chithra
2026-09-12 08:23:11,408 [INFO] youtube_search: Searching YouTube: Kakkaattile Kukootile Ouseppachan K. J. Yesudas K. S. Chithra
2026-09-12 08:23:13,447 [INFO] batch_processor: Best match for 'Kakkaattile Kukootile Ouseppachan K. J. Yesudas K. S. Chithra': Kakkattile Koo Kootile Video Song | Ee Parakkum Thalika | K.J Yesudas | K.S. Chithra | Ouseppachan (score: 43%)
2026-09-12 08:23:13,463 [INFO] batch_processor: Searching for: Poomkaatte Raghu Kumar K. S. Chithra Unni Menon
2026-09-12 08:23:13,468 [INFO] youtube_search: Searching YouTube: Poomkaatte Raghu Kumar K. S. Chithra Unni Menon
2026-09-12 08:23:15,514 [INFO] batch_processor: Best match for 'Poomkaatte Raghu Kumar K. S. Chithra Unni Menon': Poonkatte Poyi Chollamo Video Song | Shibu Chakravarthy | KS Chithra | Unni Menon | Raghu Kumar (score: 43%)
2026-09-12 08:23:15,515 [INFO] batch_processor: Searching for: Kadhayile Raajakumaariyum Berny-Ignatius K. J. Yesudas Gayatri Asokan
2026-09-12 08:23:15,519 [INFO] youtube_search: Searching YouTube: Kadhayile Raajakumaariyum Berny-Ignatius K. J. Yesudas Gayatri Asokan
2026-09-12 08:23:17,457 [INFO] batch_processor: Best match for 'Kadhayile Raajakumaariyum Berny-Ignatius K. J. Yesudas Gayatri Asokan': Kadhayile Raajakumaariyum (Duet Version) (score: 36%)
2026-09-12 08:23:17,458 [INFO] batch_processor: Searching for: Maanathe Velli Mohan Sithara K. J. Yesudas
2026-09-12 08:23:17,463 [INFO] youtube_search: Searching YouTube: Maanathe Velli Mohan Sithara K. J. Yesudas
2026-09-12 08:23:19,465 [INFO] batch_processor: Best match for 'Maanathe Velli Mohan Sithara K. J. Yesudas': Maanathe Velli | Palunku | KJ Yesudas | Mohan Sithara | Vayalar Sarathchandra Varma (score: 50%)
2026-09-12 08:23:19,465 [INFO] batch_processor: Searching for: Thumpayum Thulasiyum K. S. Chithra
2026-09-12 08:23:19,470 [INFO] youtube_search: Searching YouTube: Thumpayum Thulasiyum K. S. Chithra
2026-09-12 08:23:21,623 [INFO] batch_processor: Best match for 'Thumpayum Thulasiyum K. S. Chithra': തുമ്പയും തുളസിയും | Thumbayum Thulasiyum | K S Chithra | Ouseppachan |  Mammootty | Megham Movie (score: 42%)
2026-09-12 08:23:21,623 [INFO] batch_processor: Searching for: Karukarekaruthoru Mohanlal
2026-09-12 08:23:21,628 [INFO] youtube_search: Searching YouTube: Karukarekaruthoru Mohanlal
2026-09-12 08:23:23,423 [INFO] batch_processor: Best match for 'Karukarekaruthoru Mohanlal': Karukare Karuthoru | Lyrical Video | Balettan | Mohanlal | Gireesh Puthencherry | M Jayachandran (score: 70%)
2026-09-12 08:23:23,443 [INFO] batch_processor: Searching for: Pinne Ennodonnum M. Jayachandran K. J. Yesudas
2026-09-12 08:23:23,447 [INFO] youtube_search: Searching YouTube: Pinne Ennodonnum M. Jayachandran K. J. Yesudas
2026-09-12 08:23:25,482 [INFO] batch_processor: Best match for 'Pinne Ennodonnum M. Jayachandran K. J. Yesudas': Pinne Ennodonnum (Version, 01) (score: 50%)
2026-09-12 08:23:36,906 [INFO] downloader: Downloading: https://www.youtube.com/watch?v=WSUQwaYJJLQ -> output\Manimuttathaavani.mp3
2026-09-12 08:23:44,518 [INFO] downloader: Downloading: https://www.youtube.com/watch?v=4TR6XmerIWw -> output\Sundariye Vaa.mp3
2026-09-12 08:23:50,623 [INFO] downloader: Downloading: https://www.youtube.com/watch?v=NaHl42qw_Vk -> output\Kai niraye venna tharam M.mp3
2026-09-12 08:23:57,267 [INFO] downloader: Downloading: https://www.youtube.com/watch?v=LUow2hsI6w8 -> output\Sutta Suriyane.mp3
2026-09-12 08:24:04,964 [INFO] downloader: Downloading: https://www.youtube.com/watch?v=nFaZchyOZgk -> output\Chillanjirukkiye.mp3
2026-09-12 08:24:10,855 [INFO] downloader: Downloading: https://www.youtube.com/watch?v=97L9VAGj4Jc -> output\Chinnamma Adi.mp3
2026-09-12 08:24:16,883 [INFO] downloader: Downloading: https://www.youtube.com/watch?v=jdUKUvx50uE -> output\Yavanakathayil.mp3
2026-09-12 08:24:23,136 [INFO] downloader: Downloading: https://www.youtube.com/watch?v=siprAVDdSgg -> output\Mundiri Paadam.mp3
2026-09-12 08:24:29,883 [INFO] downloader: Downloading: https://www.youtube.com/watch?v=1WgeGByWSXM -> output\Ariyathe Ariyathe.mp3
2026-09-12 08:24:36,787 [INFO] downloader: Downloading: https://www.youtube.com/watch?v=ZzugBxVnGXc -> output\Udhicha Chandirante.mp3
2026-09-12 08:24:43,902 [INFO] downloader: Downloading: https://www.youtube.com/watch?v=mVdnueBm1dM -> output\Aaruparanju.mp3
2026-09-12 08:24:49,482 [INFO] downloader: Downloading: https://www.youtube.com/watch?v=x0II3kK5310 -> output\Kudamulla Kammalaninjaal.mp3
2026-09-12 08:24:55,764 [INFO] downloader: Downloading: https://www.youtube.com/watch?v=qL6-p-2SdT0 -> output\Ente Thenkasi.mp3
2026-09-12 08:25:02,382 [INFO] downloader: Downloading: https://www.youtube.com/watch?v=UD_1Tg3GPhA -> output\Kaithappoovin.mp3
2026-09-12 08:25:08,430 [INFO] downloader: Downloading: https://www.youtube.com/watch?v=9idWgU64-xM -> output\Ponnaambal Puzhayirambil.mp3
2026-09-12 08:25:14,845 [INFO] downloader: Downloading: https://www.youtube.com/watch?v=8w_X3-BsRG0 -> output\Vaisakha Sandhye.mp3
2026-09-12 08:25:20,605 [INFO] downloader: Downloading: https://www.youtube.com/watch?v=fsZS66MafCE -> output\Onnam Raagam Paadi.mp3
2026-09-12 08:25:26,564 [INFO] downloader: Downloading: https://www.youtube.com/watch?v=OVBhWzdHpe4 -> output\Kilippenne.mp3
2026-09-12 08:25:32,753 [INFO] downloader: Downloading: https://www.youtube.com/watch?v=L4uYcNhPcH8 -> output\Kakkaattile Kukootile.mp3
2026-09-12 08:25:39,741 [INFO] downloader: Downloading: https://www.youtube.com/watch?v=170DpQb2CmE -> output\Poomkaatte.mp3
2026-09-12 08:25:45,464 [INFO] downloader: Downloading: https://www.youtube.com/watch?v=VsoQlDbWk88 -> output\Kadhayile Raajakumaariyum.mp3
2026-09-12 08:25:52,003 [INFO] downloader: Downloading: https://www.youtube.com/watch?v=me5Kwf-HeOo -> output\Maanathe Velli.mp3
2026-09-12 08:25:58,067 [INFO] downloader: Downloading: https://www.youtube.com/watch?v=E5VVfLAPZcg -> output\Thumpayum Thulasiyum.mp3
2026-09-12 08:26:04,823 [INFO] downloader: Downloading: https://www.youtube.com/watch?v=fH-HT-UAYCI -> output\Karukarekaruthoru.mp3
2026-09-12 08:26:11,153 [INFO] downloader: Downloading: https://www.youtube.com/watch?v=ji_vAIju9K4 -> output\Pinne Ennodonnum.mp3
2026-09-12 08:26:17,532 [INFO] batch_processor: Report saved to report.txt
